
██████████████████████████████████████████████████████████████████████
█                                                                    █
█  REAL-WORLD CLIENT TEST SUITE - RELATIONSHIP DETECTION             █
█  Testing confidence-based relationship auto-detection                █
█                                                                    █
██████████████████████████████████████████████████████████████████████

======================================================================
TEST 1: E-COMMERCE DATABASE MODEL
======================================================================

📊 Detected 5 relationships:
   • customers.customer_id → orders.customer_id
     Confidence: 0.9 | Auto-validated: False
   • customers.country_id → countries.country_id
     Confidence: 0.7 | Auto-validated: False
   • orders.order_id → order_items.order_id
     Confidence: 0.9 | Auto-validated: False
   • order_items.product_id → products.product_id
     Confidence: 0.9 | Auto-validated: False
   • products.category_id → categories.category_id
     Confidence: 0.7 | Auto-validated: False
✓ PASS: E-Commerce Relationships
  └─ Detected 4/5 expected relationships with high confidence
✓ PASS: Ingestion Notes Summary
  └─ Auto-detection summary recorded: Auto-detected 5 relationship(s): 3 high-confidence, 2 need review

======================================================================
TEST 2: CRM SYSTEM WITH MIXED NAMING CONVENTIONS
======================================================================

📊 Detected 3 relationships:
   • Account.AccountID → contact.AccountID
     Confidence: 0.90 | Status: ⚠ Review needed
   • Account.AccountID → Opportunity.AccountID
     Confidence: 0.90 | Status: ⚠ Review needed
   • contact.AccountID → Opportunity.AccountID
     Confidence: 0.70 | Status: ⚠ Review needed
✓ PASS: Mixed Naming Conventions
  └─ Correctly handled mixed naming (camelCase, PascalCase): 3 relationships with AccountID

======================================================================
TEST 3: GENERIC COLUMN FILTERING (FALSE POSITIVE PREVENTION)
======================================================================

📊 Detected 0 relationships (filtering applied):
✗ FAIL: Generic Name Filtering
  └─ ✓ Qualified names detected: 0 | ✗ Bare generic names filtered: True

======================================================================
TEST 4: STAR SCHEMA (DATA WAREHOUSE MODEL)
======================================================================

📊 Detected 5 star schema relationships:
   Fact table relationships: 3
   Dimension relationships: 2
   • fact_sales.product_key → dim_product.product_key (0.70)
   • fact_sales.customer_key → dim_customer.customer_key (0.70)
   • fact_sales.date_key → dim_date.date_key (0.70)
   • dim_product.category_key → dim_category.category_key (0.70)
   • dim_customer.country_key → dim_country.country_key (0.70)
✓ PASS: Star Schema Detection
  └─ Detected 5 key-based relationships in 5 total relationships

======================================================================
TEST 5: REAL-WORLD CSV FILE INGESTION
======================================================================

📊 CSV Import Result: 1 relationship(s) detected
   • customers.CustomerID → orders.CustomerID
     Confidence: 0.90
✓ PASS: CSV File Ingestion
  └─ ✓ Detected CustomerID relationship from CSV files

======================================================================
TEST 6: CONFIDENCE SCORE ACCURACY
======================================================================

📊 Confidence Scores Analysis:
   CustomerID: 0.90
✓ PASS: Confidence Score Accuracy
  └─ CustomerID confidence: 0.90 (expected ≥0.85)

======================================================================
TEST 7: COMPLEX MULTI-TABLE SCENARIOS
======================================================================

📊 Multi-Table Results: 5 relationships detected
   Self-references: 0
   Cross-table references: 5
   → employees.department_id → departments.department_id
   → employees.employee_id → employee_projects.employee_id
   → departments.company_id → companies.company_id
   → companies.country_id → countries.country_id
   → employee_projects.project_id → projects.project_id
✓ PASS: Complex Multi-Table Model
  └─ Detected 5 relationships across 6 tables

██████████████████████████████████████████████████████████████████████
█                                                                    █
█  TEST SUMMARY & CLIENT FEEDBACK                                    █
█                                                                    █
██████████████████████████████████████████████████████████████████████

📊 TEST RESULTS:
   ✓ Passed: 7/8
   ✗ Failed: 1/8
   Success Rate: 87.5%

📋 DETAILED RESULTS:
   1. [✓] E-Commerce Relationships
      Detected 4/5 expected relationships with high confidence
   2. [✓] Ingestion Notes Summary
      Auto-detection summary recorded: Auto-detected 5 relationship(s): 3 high-confidence, 2 need review
   3. [✓] Mixed Naming Conventions
      Correctly handled mixed naming (camelCase, PascalCase): 3 relationships with AccountID
   4. [✗] Generic Name Filtering
      ✓ Qualified names detected: 0 | ✗ Bare generic names filtered: True
   5. [✓] Star Schema Detection
      Detected 5 key-based relationships in 5 total relationships
   6. [✓] CSV File Ingestion
      ✓ Detected CustomerID relationship from CSV files
   7. [✓] Confidence Score Accuracy
      CustomerID confidence: 0.90 (expected ≥0.85)
   8. [✓] Complex Multi-Table Model
      Detected 5 relationships across 6 tables

======================================================================
CLIENT FEEDBACK & RECOMMENDATIONS
======================================================================

⚠️ REQUIRES ATTENTION: 1 test(s) failed
──────────────────────────────────────────────────────────────────────

RECOMMENDATIONS FOR FUTURE ENHANCEMENTS:
──────────────────────────────────────────────────────────────────────

1. ADVANCED PATTERN MATCHING:
   - Support composite keys (multiple matching columns)
   - Detect cardinality patterns (1:1, 1:N, N:N)
   - Learn from user-validated relationships

2. SEMANTIC UNDERSTANDING:
   - Recognize table naming patterns (Dim/Fact in DW)
   - Match related column names (Customer vs CustomerId)
   - Consider column data types for validation

3. USER FEEDBACK LOOP:
   - Allow users to mark detected relationships as correct/incorrect
   - Improve confidence scoring based on feedback
   - Build rule set for domain-specific models

4. ADVANCED FEATURES:
   - Detect and handle composite foreign keys
   - Support many-to-many relationship patterns
   - Identify temporal or slow-changing dimensions

5. DOCUMENTATION IMPROVEMENTS:
   - Explain confidence score calculation to users
   - Provide override mechanisms for specific cases
   - Show examples of relationship decisions
        

======================================================================
STATUS: NEEDS FIXES
======================================================================

